// Jest Snapshot v1, https://goo.gl/fbAQLP

exports[`webpack.dev should match settings 1`] = `
Object {
  "devtool": "cheap-module-eval-source-map",
  "mode": "development",
  "plugins": Array [
    HotModuleReplacementPlugin {
      "fullBuildTimeout": 200,
      "multiStep": undefined,
      "options": Object {},
      "requestTimeout": 10000,
    },
  ],
}
`;
